../Core/Src/oled.c:24:6:OLED_WR_Byte	16	static
../Core/Src/oled.c:9:6:OLED_Refresh_Gram	16	static
../Core/Src/oled.c:46:6:OLED_Display_On	8	static
../Core/Src/oled.c:53:6:OLED_Display_Off	8	static
../Core/Src/oled.c:60:6:OLED_Clear	4	static
../Core/Src/oled.c:70:6:OLED_DrawPoint	8	static
../Core/Src/oled.c:86:6:OLED_ShowChar	48	static
../Core/Src/oled.c:112:5:oled_pow	0	static
../Core/Src/oled.c:125:6:OLED_ShowNumber	56	static
../Core/Src/oled.c:149:6:OLED_ShowString	32	static
../Core/Src/oled.c:168:6:OLED_ShowFloat	48	static
../Core/Src/oled.c:183:6:OLED_Init	8	static
